The Heritrix process is started in the following environment
 (note that some entries will be changed by the starting JVM):
CLASSPATH=/home/foo/dev/netarchivesuite/local/lib/heritrix/lib/heritrix-1.14.4.jar:/home/foo/dev/netarchivesuite/local/lib/heritrix/lib/ant-1.6.2.jar:/home/foo/dev/netarchivesuite/local/lib/heritrix/lib/bsh-2.0b4.jar:/home/foo/dev/netarchivesuite/local/lib/heritrix/lib/commons-cli-1.0.jar:/home/foo/dev/netarchivesuite/local/lib/heritrix/lib/commons-codec-1.3.jar:/home/foo/dev/netarchivesuite/local/lib/heritrix/lib/commons-collections-3.1.jar:/home/foo/dev/netarchivesuite/local/lib/heritrix/lib/commons-httpclient-3.1.jar:/home/foo/dev/netarchivesuite/local/lib/heritrix/lib/commons-io-1.3.1.jar:/home/foo/dev/netarchivesuite/local/lib/heritrix/lib/commons-lang-2.3.jar:/home/foo/dev/netarchivesuite/local/lib/heritrix/lib/commons-logging-1.0.4.jar:/home/foo/dev/netarchivesuite/local/lib/heritrix/lib/commons-net-2.0.jar:/home/foo/dev/netarchivesuite/local/lib/heritrix/lib/commons-pool-1.3.jar:/home/foo/dev/netarchivesuite/local/lib/heritrix/lib/dnsjava-2.0.3.jar:/home/foo/dev/netarchivesuite/local/lib/heritrix/lib/fastutil-5.0.3-heritrix-subset-1.0.jar:/home/foo/dev/netarchivesuite/local/lib/heritrix/lib/itext-1.2.0.jar:/home/foo/dev/netarchivesuite/local/lib/heritrix/lib/jasper-compiler-tomcat-4.1.30.jar:/home/foo/dev/netarchivesuite/local/lib/heritrix/lib/jasper-runtime-tomcat-4.1.30.jar:/home/foo/dev/netarchivesuite/local/lib/heritrix/lib/javaswf-CVS-SNAPSHOT-1.jar:/home/foo/dev/netarchivesuite/local/lib/heritrix/lib/je-3.3.82.jar:/home/foo/dev/netarchivesuite/local/lib/heritrix/lib/jericho-html-2.6.jar:/home/foo/dev/netarchivesuite/local/lib/heritrix/lib/jets3t-0.5.0.jar:/home/foo/dev/netarchivesuite/local/lib/heritrix/lib/jetty-4.2.23.jar:/home/foo/dev/netarchivesuite/local/lib/heritrix/lib/joda-time-1.6.jar:/home/foo/dev/netarchivesuite/local/lib/heritrix/lib/junit-3.8.2.jar:/home/foo/dev/netarchivesuite/local/lib/heritrix/lib/libidn-0.5.9.jar:/home/foo/dev/netarchivesuite/local/lib/heritrix/lib/mg4j-1.0.1.jar:/home/foo/dev/netarchivesuite/local/lib/heritrix/lib/poi-2.0-RC1-20031102.jar:/home/foo/dev/netarchivesuite/local/lib/heritrix/lib/poi-scratchpad-2.0-RC1-20031102.jar:/home/foo/dev/netarchivesuite/local/lib/heritrix/lib/servlet-tomcat-4.1.30.jar:/home/foo/dev/netarchivesuite/local/lib/dk.netarkivet.archive.jar:/home/foo/dev/netarchivesuite/local/lib/dk.netarkivet.common.jar:/home/foo/dev/netarchivesuite/local/lib/dk.netarkivet.harvester.jar:/home/foo/dev/netarchivesuite/local/lib/dk.netarkivet.monitor.jar:/home/foo/dev/netarchivesuite/local/lib/dk.netarkivet.viewerproxy.jar
HOME=/home/foo
LANG=en_US.UTF-8
LD_LIBRARY_PATH=/usr/lib/jvm/java-6-sun-1.6.0.20/jre/lib/i386/server:/usr/lib/jvm/java-6-sun-1.6.0.20/jre/lib/i386:/usr/lib/jvm/java-6-sun-1.6.0.20/jre/../lib/i386
LOGNAME=foo
MAIL=/var/mail/foo
NLSPATH=/usr/dt/lib/nls/msg/%L/%N.cat
OLDPWD=/home/foo/dev/netarchivesuite/local/conf
PATH=/usr/local/sbin:/usr/local/bin:/usr/sbin:/usr/bin:/sbin:/bin:/usr/games
PWD=/home/foo/dev/netarchivesuite/local
SHELL=/bin/bash
SHLVL=3
SPEECHD_PORT=7560
SSH_CLIENT=::1 35179 22
SSH_CONNECTION=::1 35179 ::1 22
USER=foo
XDG_SESSION_COOKIE=c5eb83879ff31b5759a9a9d14ade9228-1279642244.625917-158710521
XFILESEARCHPATH=/usr/dt/app-defaults/%L/Dt
_=/usr/bin/java
Process properties:
dk.netarkivet.settings.file=/home/foo/dev/netarchivesuite/local/conf/settings_HarvestControllerApplication_high.xml
file.encoding=UTF-8
file.encoding.pkg=sun.io
file.separator=/
heritrix.version=1.14.4
java.awt.graphicsenv=sun.awt.X11GraphicsEnvironment
java.awt.printerjob=sun.print.PSPrinterJob
java.class.path=/home/foo/dev/netarchivesuite/local/lib/dk.netarkivet.archive.jar:/home/foo/dev/netarchivesuite/local/lib/dk.netarkivet.common.jar:/home/foo/dev/netarchivesuite/local/lib/dk.netarkivet.harvester.jar:/home/foo/dev/netarchivesuite/local/lib/dk.netarkivet.monitor.jar:/home/foo/dev/netarchivesuite/local/lib/dk.netarkivet.viewerproxy.jar:
java.class.version=50.0
java.endorsed.dirs=/usr/lib/jvm/java-6-sun-1.6.0.20/jre/lib/endorsed
java.ext.dirs=/usr/lib/jvm/java-6-sun-1.6.0.20/jre/lib/ext:/usr/java/packages/lib/ext
java.home=/usr/lib/jvm/java-6-sun-1.6.0.20/jre
java.io.tmpdir=/tmp
java.library.path=/usr/lib/jvm/java-6-sun-1.6.0.20/jre/lib/i386/server:/usr/lib/jvm/java-6-sun-1.6.0.20/jre/lib/i386:/usr/lib/jvm/java-6-sun-1.6.0.20/jre/../lib/i386:/usr/java/packages/lib/i386:/lib:/usr/lib
java.runtime.name=Java(TM) SE Runtime Environment
java.runtime.version=1.6.0_20-b02
java.security.manager=
java.security.policy=/home/foo/dev/netarchivesuite/local/conf/security.policy
java.specification.name=Java Platform API Specification
java.specification.vendor=Sun Microsystems Inc.
java.specification.version=1.6
java.util.logging.config.file=/home/foo/dev/netarchivesuite/local/conf/log_HarvestControllerApplication_high.prop
java.vendor=Sun Microsystems Inc.
java.vendor.url=http://java.sun.com/
java.vendor.url.bug=http://java.sun.com/cgi-bin/bugreport.cgi
java.version=1.6.0_20
java.vm.info=mixed mode
java.vm.name=Java HotSpot(TM) Server VM
java.vm.specification.name=Java Virtual Machine Specification
java.vm.specification.vendor=Sun Microsystems Inc.
java.vm.specification.version=1.0
java.vm.vendor=Sun Microsystems Inc.
java.vm.version=16.3-b01
line.separator=

org.apache.commons.logging.Log=org.apache.commons.logging.impl.Jdk14Logger
org.archive.crawler.frontier.AbstractFrontier.queue-assignment-policy=org.archive.crawler.frontier.HostnameQueueAssignmentPolicy,org.archive.crawler.frontier.IPQueueAssignmentPolicy,org.archive.crawler.frontier.BucketQueueAssignmentPolicy,org.archive.crawler.frontier.SurtAuthorityQueueAssignmentPolicy,dk.netarkivet.harvester.harvesting.DomainnameQueueAssignmentPolicy
os.arch=i386
os.name=Linux
os.version=2.6.32-23-generic
path.separator=:
sun.arch.data.model=32
sun.boot.class.path=/usr/lib/jvm/java-6-sun-1.6.0.20/jre/lib/resources.jar:/usr/lib/jvm/java-6-sun-1.6.0.20/jre/lib/rt.jar:/usr/lib/jvm/java-6-sun-1.6.0.20/jre/lib/sunrsasign.jar:/usr/lib/jvm/java-6-sun-1.6.0.20/jre/lib/jsse.jar:/usr/lib/jvm/java-6-sun-1.6.0.20/jre/lib/jce.jar:/usr/lib/jvm/java-6-sun-1.6.0.20/jre/lib/charsets.jar:/usr/lib/jvm/java-6-sun-1.6.0.20/jre/classes
sun.boot.library.path=/usr/lib/jvm/java-6-sun-1.6.0.20/jre/lib/i386
sun.cpu.endian=little
sun.cpu.isalist=
sun.io.unicode.encoding=UnicodeLittle
sun.java.launcher=SUN_STANDARD
sun.jnu.encoding=UTF-8
sun.management.compiler=HotSpot Tiered Compilers
sun.os.patch.level=unknown
user.country=US
user.dir=/home/foo/dev/netarchivesuite/local
user.home=/home/foo
user.language=en
user.name=foo
user.timezone=Europe/Paris
Working directory: jobs/current/high/5_1279642368951
Listening for transport dt_socket at address: 9008
16:12:50.676 EVENT  Starting Jetty/4.2.23
16:12:50.953 EVENT  Started WebApplicationContext[/,Heritrix Console]
16:12:51.063 EVENT  Started SocketListener on 0.0.0.0:8090
16:12:51.064 EVENT  Started org.mortbay.jetty.Server@d4d66b
2010-07-20 16:12:51.372 INFO thread-10 org.archive.crawler.Heritrix.postRegister() org.archive.crawler:guiport=8090,host=Rabanastre,jmxport=8190,name=Heritrix,type=CrawlService registered to MBeanServerId=Rabanastre_1279642370241, SpecificationVersion=1.4, ImplementationVersion=1.6.0_20-b02, SpecificationVendor=Sun Microsystems
Heritrix version: 1.14.4
2010-07-20 16:12:51.877 INFO thread-11 org.archive.crawler.Heritrix.invoke() JMX invoke: completedJobs()
2010-07-20 16:12:51.881 INFO thread-11 org.archive.crawler.Heritrix.invoke() JMX invoke: pendingJobs()
2010-07-20 16:12:51.885 INFO thread-11 org.archive.crawler.Heritrix.invoke() JMX invoke: addJob("/home/foo/dev/netarchivesuite/local/jobs/current/high/5_1279642368951/order.xml", "5-1", "Job 5 for harvest 1 performed in jobs/current/high/5_1279642368951with the deduplication index stored in '/home/foo/dev/netarchivesuite/local/cache/DEDUP_CRAWL_LOG/4-cache' and 1 seeds", "/home/foo/dev/netarchivesuite/local/jobs/current/high/5_1279642368951/seeds.txt", )
2010-07-20 16:12:51.949 WARNING thread-11 org.archive.crawler.settings.CrawlSettingsSAXHandler$SimpleElementHandler.endElement() Unknown attribute 'bind-address' in 'file:/home/foo/dev/netarchivesuite/local/jobs/current/high/5_1279642368951/order.xml', line: 288, column: 38
2010-07-20 16:12:51.953 WARNING thread-11 org.archive.crawler.settings.CrawlSettingsSAXHandler$SimpleElementHandler.endElement() Unknown attribute 'overly-eager-link-detection' in 'file:/home/foo/dev/netarchivesuite/local/jobs/current/high/5_1279642368951/order.xml', line: 314, column: 67
2010-07-20 16:12:51.974 INFO thread-11 org.archive.crawler.Heritrix.invoke() JMX invoke: pendingJobs()
2010-07-20 16:12:52.001 INFO thread-11 org.archive.crawler.Heritrix.invoke() JMX invoke: startCrawling()
log4j:WARN No appenders could be found for logger (dk.netarkivet.common.utils.Settings).
log4j:WARN Please initialize the log4j system properly.
2010-07-20 16:12:52.973 INFO thread-12 org.archive.crawler.admin.CrawlJob.postRegister() org.archive.crawler:host=Rabanastre,jmxport=8190,mother=Heritrix,name=5-1-20100720161251971,type=CrawlService.Job registered to MBeanServerId=Rabanastre_1279642370241, SpecificationVersion=1.4, ImplementationVersion=1.6.0_20-b02, SpecificationVendor=Sun Microsystems
2010-07-20 16:12:53.698 INFO thread-14 org.archive.io.WriterPoolMember.createFile() Opened /home/foo/dev/netarchivesuite/local/jobs/current/high/5_1279642368951/arcs/5-1-20100720161253-00000-bnf_test.arc.gz.open
2010-07-20 16:14:31.182 WARNING thread-17 org.archive.crawler.settings.CrawlSettingsSAXHandler$SimpleElementHandler.endElement() Unknown attribute 'bind-address' in 'file:/home/foo/dev/netarchivesuite/local/jobs/current/high/5_1279642368951/order.xml', line: 288, column: 38
2010-07-20 16:14:31.183 WARNING thread-17 org.archive.crawler.settings.CrawlSettingsSAXHandler$SimpleElementHandler.endElement() Unknown attribute 'overly-eager-link-detection' in 'file:/home/foo/dev/netarchivesuite/local/jobs/current/high/5_1279642368951/order.xml', line: 314, column: 67
2010-07-20 16:14:31.792 INFO thread-29 org.archive.io.WriterPoolMember.close() Closed /home/foo/dev/netarchivesuite/local/jobs/current/high/5_1279642368951/arcs/5-1-20100720161253-00000-bnf_test.arc.gz, size 162928
2010-07-20 16:14:31.863 INFO thread-29 org.archive.crawler.admin.CrawlJob.postDeregister() org.archive.crawler:host=Rabanastre,jmxport=8190,mother=Heritrix,name=5-1-20100720161251971,type=CrawlService.Job unregistered from MBeanServerId=Rabanastre_1279642370241, SpecificationVersion=1.4, ImplementationVersion=1.6.0_20-b02, SpecificationVendor=Sun Microsystems
2010-07-20 16:27:08.334 INFO thread-11 org.archive.crawler.Heritrix.invoke() JMX invoke: shutdown()
2010-07-20 16:27:08.336 INFO thread-30 org.archive.crawler.Heritrix.postDeregister() org.archive.crawler:guiport=8090,host=Rabanastre,jmxport=8190,name=Heritrix,type=CrawlService unregistered from MBeanServerId=Rabanastre_1279642370241, SpecificationVersion=1.4, ImplementationVersion=1.6.0_20-b02, SpecificationVendor=Sun Microsystems
16:27:08.339 EVENT  Stopping Acceptor ServerSocket[addr=0.0.0.0/0.0.0.0,port=0,localport=8090]
16:27:08.340 EVENT  Stopped SocketListener on 0.0.0.0:8090
16:27:08.349 EVENT  Stopped WebApplicationContext[/,Heritrix Console]
16:27:08.349 EVENT  Stopped org.mortbay.http.NCSARequestLog@c21095
16:27:08.353 EVENT  Stopped org.mortbay.jetty.Server@d4d66b
16:27:08.356 EVENT  Stopped WebApplicationContext[/,Heritrix Console]
16:27:08.356 EVENT  Stopped org.mortbay.jetty.Server@d4d66b
